{
    "pipeline": "pipeline_id",
    "job details": {
        "job category": "preprocessing",
        "job name": "code2parquet",
        "job type": "pure python",
        "job id": "job_id",
        "start_time": "2024-06-26 15:55:33",
        "end_time": "2024-06-26 15:55:33",
        "status": "success"
    },
    "code": null,
    "job_input_params": {
        "supported_langs_file": "/Users/dawood/git/data-prep-kit/transforms/code/code2parquet/python/test-data/languages/lang_extensions.json",
        "detect_programming_lang": true,
        "snapshot": "github",
        "domain": "code",
        "s3_cred": null,
        "checkpointing": false,
        "max_files": -1,
        "random_samples": -1,
        "files_to_use": [".zip"]
    },
    "job_output_stats": {
        "source_files": 3,
        "source_size": 33885652,
        "result_files": 3,
        "result_size": 88484,
        "processing_time": 0.36685895919799805,
        "number of rows": 74
    },
    "source": {
        "name": "/Users/dawood/git/data-prep-kit/transforms/code/code2parquet/python/test-data/input",
        "type": "path"
    },
    "target": {
        "name": "/tmp/code2parquetdbmtc8ox",
        "type": "path"
    }
}
